2026-09-20 18:47:08,662 INFO gdacs_az: Loaded 57 Azure regions from az_regions_annotated.json
2026-09-20 18:47:08,663 INFO gdacs_az: Client config: types=['EQ', 'TC', 'FL', 'VO', 'DR', 'WF'] levels=['orange', 'red'] window=2021-01-01 00:00:00..None
2026-09-20 18:47:12,679 INFO gdacs_az: Search page 1: 100 events
2026-09-20 18:47:13,910 INFO gdacs_az: Search page 2: 100 events
2026-09-20 18:47:14,812 INFO gdacs_az: Search page 3: 100 events
2026-09-20 18:47:15,630 INFO gdacs_az: Search page 4: 100 events
2026-09-20 18:47:16,308 INFO gdacs_az: Search page 5: 53 events
2026-09-20 18:47:16,308 INFO gdacs_az: Fetched 453 GDACS events
2026-09-20 18:47:17,107 INFO gdacs_az: DR/1018332 (getgeometry-polygon): matched 12 region(s)
2026-09-20 18:47:17,427 INFO gdacs_az: DR/1018431 (getgeometry-polygon): matched 0 region(s) []
2026-09-20 18:47:17,977 INFO gdacs_az: DR/1027449 (getgeometry-polygon): matched 0 region(s) []
2026-09-20 18:47:18,180 INFO gdacs_az: DR/1027450 (getgeometry-polygon): matched 0 region(s) []
2026-09-20 18:47:18,335 INFO gdacs_az: DR/1027465 (getgeometry-polygon): matched 0 region(s) []
2026-09-20 18:47:20,557 INFO gdacs_az: FL/1104121 (getgeometry-polygon): matched 0 region(s) []
2026-09-20 18:47:24,633 INFO gdacs_az: FL/1104081 (getgeometry-polygon): matched 0 region(s) []
2026-09-20 18:47:24,774 INFO gdacs_az: VO/1000148 (getgeometry-polygon): matched 0 region(s) []
2026-09-20 18:47:25,788 INFO gdacs_az: TC/1001305 (getgeometry-polygon): matched 0 region(s) []
2026-09-20 18:47:26,309 INFO gdacs_az: FL/1104124 (getgeometry-polygon): matched 0 region(s) []
2026-09-20 18:47:26,512 INFO gdacs_az: EQ/1562260 (getgeometry-polygon): matched 0 region(s) []
2026-09-20 18:47:27,206 INFO gdacs_az: FL/1104123 (getgeometry-polygon): matched 0 region(s) []
2026-09-20 18:47:27,393 INFO gdacs_az: WF/1030252 (getgeometry-polygon): matched 0 region(s) []
2026-09-20 18:47:27,712 INFO gdacs_az: WF/1030410 (getgeometry-polygon): matched 0 region(s) []
2026-09-20 18:47:27,856 INFO gdacs_az: WF/1030534 (getgeometry-polygon): matched 0 region(s) []
2026-09-20 18:47:29,155 INFO gdacs_az: EQ/1558059 (getgeometry-polygon): matched 0 region(s) []
2026-09-20 18:47:34,114 INFO gdacs_az: EQ/1557236 (getgeometry-polygon): matched 0 region(s) []
2026-09-20 18:47:35,447 INFO gdacs_az: TC/1001297 (getgeometry-polygon): matched 0 region(s) []
2026-09-20 18:47:35,871 INFO gdacs_az: EQ/1556215 (getgeometry-polygon): matched 0 region(s) []
2026-09-20 18:47:35,973 INFO gdacs_az: WF/1029987 (getgeometry-polygon): matched 0 region(s) []
2026-09-20 18:47:36,110 INFO gdacs_az: WF/1029958 (getgeometry-polygon): matched 0 region(s) []
2026-09-20 18:47:36,272 INFO gdacs_az: WF/1029628 (getgeometry-polygon): matched 0 region(s) []
2026-09-20 18:47:38,090 INFO gdacs_az: FL/1104051 (getgeometry-polygon): matched 0 region(s) []
2026-09-20 18:47:38,259 INFO gdacs_az: WF/1029643 (getgeometry-polygon): matched 1 region(s) ['spaincentral']
2026-09-20 18:47:38,555 INFO gdacs_az: WF/1029794 (getgeometry-polygon): matched 0 region(s) []
2026-09-20 18:47:38,652 INFO gdacs_az: WF/1029649 (getgeometry-polygon): matched 0 region(s) []
2026-09-20 18:47:39,800 INFO gdacs_az: EQ/1554552 (getgeometry-polygon): matched 0 region(s) []
2026-09-20 18:47:44,127 INFO gdacs_az: EQ/1554510 (getgeometry-polygon): matched 0 region(s) []
2026-09-20 18:47:44,871 INFO gdacs_az: TC/1001294 (getgeometry-polygon): matched 1 region(s) ['eastasia']
2026-09-20 18:47:45,002 INFO gdacs_az: WF/1029540 (getgeometry-polygon): matched 1 region(s) ['spaincentral']
2026-09-20 18:47:47,928 INFO gdacs_az: EQ/1552752 (getgeometry-polygon): matched 0 region(s) []
2026-09-20 18:47:48,132 INFO gdacs_az: VO/1000144 (getgeometry-polygon): matched 0 region(s) []
2026-09-20 18:47:51,240 INFO gdacs_az: FL/1103933 (getgeometry-polygon): matched 0 region(s) []
2026-09-20 18:47:51,362 INFO gdacs_az: WF/1029489 (getgeometry-polygon): matched 1 region(s) ['francecentral']
2026-09-20 18:47:52,232 INFO gdacs_az: TC/1001279 (getgeometry-polygon): matched 0 region(s) []
2026-09-20 18:47:52,513 INFO gdacs_az: WF/1029448 (getgeometry-polygon): matched 0 region(s) []
2026-09-20 18:47:52,607 INFO gdacs_az: WF/1029331 (getgeometry-polygon): matched 0 region(s) []
2026-09-20 18:47:52,701 INFO gdacs_az: WF/1029260 (getgeometry-polygon): matched 0 region(s) []
2026-09-20 18:47:53,381 INFO gdacs_az: TC/1001281 (getgeometry-polygon): matched 0 region(s) []
2026-09-20 18:47:54,197 INFO gdacs_az: EQ/1548668 (getgeometry-polygon): matched 0 region(s) []
2026-09-20 18:47:56,136 INFO gdacs_az: EQ/1548377 (getgeometry-polygon): matched 0 region(s) []
2026-09-20 18:47:57,259 INFO gdacs_az: EQ/1548473 (getgeometry-polygon): matched 0 region(s) []
2026-09-20 18:48:01,256 INFO gdacs_az: EQ/1546719 (getgeometry-polygon): matched 0 region(s) []
2026-09-20 18:48:02,873 INFO gdacs_az: EQ/1546617 (getgeometry-polygon): matched 0 region(s) []
2026-09-20 18:48:04,368 INFO gdacs_az: EQ/1544720 (getgeometry-polygon): matched 0 region(s) []
2026-09-20 18:48:05,478 INFO gdacs_az: EQ/1541314 (getgeometry-polygon): matched 0 region(s) []
2026-09-20 18:48:05,579 INFO gdacs_az: VO/1000140 (getgeometry-polygon): matched 0 region(s) []
2026-09-20 18:48:07,880 INFO gdacs_az: EQ/1536386 (getgeometry-polygon): matched 0 region(s) []
2026-09-20 18:48:08,028 INFO gdacs_az: DR/1018327 (getgeometry-polygon): matched 0 region(s) []
2026-09-20 18:48:09,631 INFO gdacs_az: TC/1001270 (getgeometry-polygon): matched 0 region(s) []
2026-09-20 18:48:09,740 INFO gdacs_az: FL/1103815 (getgeometry-polygon): matched 0 region(s) []
2026-09-20 18:48:13,349 INFO gdacs_az: FL/1103757 (getgeometry-polygon): matched 0 region(s) []
2026-09-20 18:48:13,762 INFO gdacs_az: DR/1017863 (getgeometry-polygon): matched 0 region(s) []
2026-09-20 18:48:13,878 INFO gdacs_az: VO/1000138 (getgeometry-polygon): matched 0 region(s) []
2026-09-20 18:48:14,247 INFO gdacs_az: FL/1103798 (getgeometry-polygon): matched 0 region(s) []
2026-09-20 18:48:15,047 INFO gdacs_az: FL/1103784 (getgeometry-polygon): matched 0 region(s) []
2026-09-20 18:48:15,589 INFO gdacs_az: EQ/1526507 (getgeometry-polygon): matched 0 region(s) []
2026-09-20 18:48:17,347 INFO gdacs_az: TC/1001256 (getgeometry-polygon): matched 0 region(s) []
2026-09-20 18:48:18,181 INFO gdacs_az: TC/1001254 (getgeometry-polygon): matched 0 region(s) []
2026-09-20 18:48:18,814 INFO gdacs_az: FL/1103694 (getgeometry-polygon): matched 0 region(s) []
2026-09-20 18:48:19,029 INFO gdacs_az: WF/1027016 (getgeometry-polygon): matched 0 region(s) []
2026-09-20 18:48:19,911 INFO gdacs_az: FL/1103735 (getgeometry-polygon): matched 0 region(s) []
2026-09-20 18:48:21,058 INFO gdacs_az: FL/1103633 (getgeometry-polygon): matched 0 region(s) []
2026-09-20 18:48:21,179 INFO gdacs_az: FL/1103663 (getgeometry-polygon): matched 0 region(s) []
2026-09-20 18:48:21,309 INFO gdacs_az: FL/1103646 (getgeometry-polygon): matched 0 region(s) []
2026-09-20 18:48:22,137 INFO gdacs_az: FL/1103640 (getgeometry-polygon): matched 0 region(s) []
2026-09-20 18:48:23,326 INFO gdacs_az: FL/1103621 (getgeometry-polygon): matched 0 region(s) []
2026-09-20 18:48:23,716 INFO gdacs_az: TC/1001238 (getgeometry-polygon): matched 0 region(s) []
2026-09-20 18:48:23,854 INFO gdacs_az: VO/1000125 (getgeometry-polygon): matched 0 region(s) []
2026-09-20 18:48:26,221 INFO gdacs_az: EQ/1511252 (getgeometry-polygon): matched 0 region(s) []
2026-09-20 18:48:27,361 INFO gdacs_az: TC/1001234 (getgeometry-polygon): matched 0 region(s) []
2026-09-20 18:48:28,260 INFO gdacs_az: TC/1001233 (getgeometry-polygon): matched 0 region(s) []
2026-09-20 18:48:31,238 INFO gdacs_az: EQ/1508467 (getgeometry-polygon): matched 0 region(s) []
2026-09-20 18:48:32,437 INFO gdacs_az: TC/1001230 (getgeometry-polygon): matched 0 region(s) []
2026-09-20 18:48:32,839 INFO gdacs_az: FL/1103585 (getgeometry-polygon): matched 0 region(s) []
2026-09-20 18:48:33,198 INFO gdacs_az: TC/1001232 (getgeometry-polygon): matched 0 region(s) []
2026-09-20 18:48:34,328 INFO gdacs_az: EQ/1507329 (getgeometry-polygon): matched 0 region(s) []
2026-09-20 18:48:35,269 INFO gdacs_az: TC/1001229 (getgeometry-polygon): matched 0 region(s) []
2026-09-20 18:48:35,672 INFO gdacs_az: VO/1000122 (getgeometry-polygon): matched 0 region(s) []
2026-09-20 18:48:37,452 INFO gdacs_az: EQ/1504796 (getgeometry-polygon): matched 0 region(s) []
2026-09-20 18:48:38,710 INFO gdacs_az: EQ/1504616 (getgeometry-polygon): matched 0 region(s) []
2026-09-20 18:48:39,404 INFO gdacs_az: EQ/1504268 (getgeometry-polygon): matched 0 region(s) []
2026-09-20 18:48:39,930 INFO gdacs_az: FL/1103479 (getgeometry-polygon): matched 0 region(s) []
2026-09-20 18:48:41,860 INFO gdacs_az: EQ/1504188 (getgeometry-polygon): matched 0 region(s) []
2026-09-20 18:48:43,863 INFO gdacs_az: FL/1103434 (getgeometry-polygon): matched 0 region(s) []
2026-09-20 18:48:44,271 INFO gdacs_az: FL/1103540 (getgeometry-polygon): matched 0 region(s) []
2026-09-20 18:48:45,076 INFO gdacs_az: TC/1001219 (getgeometry-polygon): matched 0 region(s) []
2026-09-20 18:48:45,384 INFO gdacs_az: TC/1001218 (getgeometry-polygon): matched 0 region(s) []
2026-09-20 18:48:49,223 INFO gdacs_az: EQ/1502713 (getgeometry-polygon): matched 0 region(s) []
2026-09-20 18:48:50,061 INFO gdacs_az: TC/1001214 (getgeometry-polygon): matched 0 region(s) []
2026-09-20 18:48:50,269 INFO gdacs_az: FL/1103504 (getgeometry-polygon): matched 0 region(s) []
2026-09-20 18:48:52,310 INFO gdacs_az: EQ/1501948 (getgeometry-polygon): matched 0 region(s) []
2026-09-20 18:48:52,543 INFO gdacs_az: FL/1103514 (getgeometry-polygon): matched 1 region(s) ['eastasia']
2026-09-20 18:48:53,759 INFO gdacs_az: EQ/1501915 (getgeometry-polygon): matched 0 region(s) []
2026-09-20 18:48:54,643 INFO gdacs_az: TC/1001211 (getgeometry-polygon): matched 1 region(s) ['eastasia']
2026-09-20 18:48:55,807 INFO gdacs_az: FL/1103339 (getgeometry-polygon): matched 0 region(s) []
2026-09-20 18:48:56,258 INFO gdacs_az: FL/1103506 (getgeometry-polygon): matched 0 region(s) []
2026-09-20 18:48:57,286 INFO gdacs_az: EQ/1500811 (getgeometry-polygon): matched 0 region(s) []
2026-09-20 18:48:58,769 INFO gdacs_az: EQ/1500178 (getgeometry-polygon): matched 0 region(s) []
2026-09-20 18:48:59,221 INFO gdacs_az: TC/1001206 (getgeometry-polygon): matched 0 region(s) []
2026-09-20 18:48:59,451 INFO gdacs_az: EQ/1499045 (getgeometry-polygon): matched 0 region(s) []
2026-09-20 18:49:00,716 INFO gdacs_az: EQ/1498907 (getgeometry-polygon): matched 0 region(s) []
2026-09-20 18:49:01,339 INFO gdacs_az: EQ/1498339 (getgeometry-polygon): matched 0 region(s) []
2026-09-20 18:49:01,528 INFO gdacs_az: FL/1103435 (getgeometry-polygon): matched 0 region(s) []
2026-09-20 18:49:01,999 INFO gdacs_az: TC/1001199 (getgeometry-polygon): matched 0 region(s) []
2026-09-20 18:49:02,221 INFO gdacs_az: WF/1024622 (getgeometry-polygon): matched 0 region(s) []
2026-09-20 18:49:02,376 INFO gdacs_az: WF/1024571 (getgeometry-polygon): matched 0 region(s) []
2026-09-20 18:49:02,514 INFO gdacs_az: WF/1024588 (getgeometry-polygon): matched 0 region(s) []
2026-09-20 18:49:04,435 INFO gdacs_az: FL/1103277 (getgeometry-polygon): matched 0 region(s) []
2026-09-20 18:49:04,678 INFO gdacs_az: WF/1024558 (getgeometry-polygon): matched 0 region(s) []
2026-09-20 18:49:04,881 INFO gdacs_az: WF/1024608 (getgeometry-polygon): matched 0 region(s) []
2026-09-20 18:49:05,459 INFO gdacs_az: EQ/1496100 (getgeometry-polygon): matched 0 region(s) []
2026-09-20 18:49:05,550 INFO gdacs_az: WF/1024568 (getgeometry-polygon): matched 0 region(s) []
2026-09-20 18:49:06,206 INFO gdacs_az: TC/1001194 (getgeometry-polygon): matched 0 region(s) []
2026-09-20 18:49:06,893 INFO gdacs_az: FL/1103461 (getgeometry-polygon): matched 0 region(s) []
2026-09-20 18:49:07,232 INFO gdacs_az: WF/1024567 (getgeometry-polygon): matched 0 region(s) []
2026-09-20 18:49:07,436 INFO gdacs_az: WF/1024555 (getgeometry-polygon): matched 0 region(s) []
2026-09-20 18:49:08,227 INFO gdacs_az: EQ/1494848 (getgeometry-polygon): matched 0 region(s) []
2026-09-20 18:49:08,461 INFO gdacs_az: WF/1024500 (getgeometry-polygon): matched 0 region(s) []
2026-09-20 18:49:08,572 INFO gdacs_az: VO/1000117 (getgeometry-polygon): matched 0 region(s) []
2026-09-20 18:49:09,121 INFO gdacs_az: TC/1001183 (getgeometry-polygon): matched 0 region(s) []
2026-09-20 18:49:09,731 INFO gdacs_az: EQ/1492624 (getgeometry-polygon): matched 0 region(s) []
2026-09-20 18:49:12,059 INFO gdacs_az: EQ/1492605 (getgeometry-polygon): matched 0 region(s) []
2026-09-20 18:49:12,191 INFO gdacs_az: WF/1024313 (getgeometry-polygon): matched 0 region(s) []
2026-09-20 18:49:14,883 INFO gdacs_az: FL/1103404 (getgeometry-polygon): matched 0 region(s) []
2026-09-20 18:49:14,983 INFO gdacs_az: FL/1103385 (getgeometry-polygon): matched 0 region(s) []
2026-09-20 18:49:15,363 INFO gdacs_az: TC/1001181 (getgeometry-polygon): matched 1 region(s) ['eastasia']
2026-09-20 18:49:16,768 INFO gdacs_az: EQ/1490667 (getgeometry-polygon): matched 0 region(s) []
2026-09-20 18:49:18,656 INFO gdacs_az: FL/1103389 (getgeometry-polygon): matched 0 region(s) []
2026-09-20 18:49:20,013 INFO gdacs_az: EQ/1489306 (getgeometry-polygon): matched 0 region(s) []
2026-09-20 18:49:20,326 INFO gdacs_az: WF/1024174 (getgeometry-polygon): matched 0 region(s) []
2026-09-20 18:49:20,441 INFO gdacs_az: WF/1024111 (getgeometry-polygon): matched 0 region(s) []
2026-09-20 18:49:21,271 INFO gdacs_az: TC/1001168 (getgeometry-polygon): matched 0 region(s) []
2026-09-20 18:49:21,912 INFO gdacs_az: FL/1103329 (getgeometry-polygon): matched 0 region(s) []
2026-09-20 18:49:23,095 INFO gdacs_az: TC/1001166 (getgeometry-polygon): matched 0 region(s) []
2026-09-20 18:49:23,417 INFO gdacs_az: FL/1103323 (getgeometry-polygon): matched 1 region(s) ['southafricanorth']
2026-09-20 18:49:24,860 INFO gdacs_az: EQ/1485124 (getgeometry-polygon): matched 0 region(s) []
2026-09-20 18:49:25,050 INFO gdacs_az: FL/1103303 (getgeometry-polygon): matched 0 region(s) []
2026-09-20 18:49:25,905 INFO gdacs_az: EQ/1482609 (getgeometry-polygon): matched 0 region(s) []
2026-09-20 18:49:26,412 INFO gdacs_az: FL/1103255 (getgeometry-polygon): matched 0 region(s) []
2026-09-20 18:49:28,052 INFO gdacs_az: EQ/1481374 (getgeometry-polygon): matched 0 region(s) []
2026-09-20 18:49:28,780 INFO gdacs_az: FL/1103218 (getgeometry-polygon): matched 0 region(s) []
2026-09-20 18:49:28,905 INFO gdacs_az: VO/1000112 (getgeometry-polygon): matched 0 region(s) []
2026-09-20 18:49:29,251 INFO gdacs_az: VO/1000113 (getgeometry-polygon): matched 0 region(s) []
2026-09-20 18:49:30,996 INFO gdacs_az: EQ/1478853 (getgeometry-polygon): matched 0 region(s) []
2026-09-20 18:49:32,406 INFO gdacs_az: EQ/1478512 (getgeometry-polygon): matched 0 region(s) []
2026-09-20 18:49:33,088 INFO gdacs_az: FL/1103210 (getgeometry-polygon): matched 0 region(s) []
2026-09-20 18:49:34,596 INFO gdacs_az: EQ/1477002 (getgeometry-polygon): matched 0 region(s) []
2026-09-20 18:49:37,754 INFO gdacs_az: EQ/1474479 (getgeometry-polygon): matched 0 region(s) []
2026-09-20 18:49:39,323 INFO gdacs_az: EQ/1474477 (getgeometry-polygon): matched 0 region(s) []
2026-09-20 18:49:39,460 INFO gdacs_az: VO/1000108 (getgeometry-polygon): matched 0 region(s) []
2026-09-20 18:49:40,689 INFO gdacs_az: EQ/1472646 (getgeometry-polygon): matched 0 region(s) []
2026-09-20 18:49:41,679 INFO gdacs_az: TC/1001154 (getgeometry-polygon): matched 0 region(s) []
2026-09-20 18:49:41,777 INFO gdacs_az: VO/1000109 (getgeometry-polygon): matched 0 region(s) []
2026-09-20 18:49:42,339 INFO gdacs_az: TC/1001152 (getgeometry-polygon): matched 0 region(s) []
2026-09-20 18:49:42,759 INFO gdacs_az: TC/1001151 (getgeometry-polygon): matched 0 region(s) []
2026-09-20 18:49:44,084 INFO gdacs_az: EQ/1468332 (getgeometry-polygon): matched 0 region(s) []
2026-09-20 18:49:44,812 INFO gdacs_az: TC/1001135 (getgeometry-polygon): matched 0 region(s) []
2026-09-20 18:49:45,225 INFO gdacs_az: VO/1000106 (getgeometry-polygon): matched 0 region(s) []
2026-09-20 18:49:45,322 INFO gdacs_az: WF/1023255 (getgeometry-polygon): matched 0 region(s) []
2026-09-20 18:49:45,424 INFO gdacs_az: WF/1023277 (getgeometry-polygon): matched 0 region(s) []
2026-09-20 18:49:45,882 INFO gdacs_az: EQ/1461707 (getgeometry-polygon): matched 0 region(s) []
2026-09-20 18:49:46,249 INFO gdacs_az: EQ/1461615 (getgeometry-polygon): matched 0 region(s) []
2026-09-20 18:49:46,721 INFO gdacs_az: EQ/1461014 (getgeometry-polygon): matched 0 region(s) []
2026-09-20 18:49:47,169 INFO gdacs_az: VO/1000105 (getgeometry-polygon): matched 0 region(s) []
2026-09-20 18:49:48,134 INFO gdacs_az: EQ/1460587 (getgeometry-polygon): matched 0 region(s) []
2026-09-20 18:49:49,254 INFO gdacs_az: EQ/1460546 (getgeometry-polygon): matched 0 region(s) []
2026-09-20 18:49:49,365 INFO gdacs_az: VO/1000104 (getgeometry-polygon): matched 0 region(s) []
2026-09-20 18:49:49,767 INFO gdacs_az: EQ/1458084 (getgeometry-polygon): matched 0 region(s) []
2026-09-20 18:49:50,478 INFO gdacs_az: TC/1001131 (getgeometry-polygon): matched 0 region(s) []
2026-09-20 18:49:50,815 INFO gdacs_az: TC/1001130 (getgeometry-polygon): matched 0 region(s) []
2026-09-20 18:49:51,536 INFO gdacs_az: TC/1001124 (getgeometry-polygon): matched 0 region(s) []
2026-09-20 18:49:52,075 INFO gdacs_az: TC/1001126 (getgeometry-polygon): matched 0 region(s) []
2026-09-20 18:49:52,682 INFO gdacs_az: TC/1001125 (getgeometry-polygon): matched 0 region(s) []
2026-09-20 18:49:53,006 INFO gdacs_az: VO/1000099 (getgeometry-polygon): matched 0 region(s) []
2026-09-20 18:49:53,911 INFO gdacs_az: TC/1001121 (getgeometry-polygon): matched 0 region(s) []
2026-09-20 18:49:54,210 INFO gdacs_az: FL/1102998 (getgeometry-polygon): matched 0 region(s) []
2026-09-20 18:49:54,964 INFO gdacs_az: TC/1001122 (getgeometry-polygon): matched 0 region(s) []
2026-09-20 18:49:56,077 INFO gdacs_az: FL/1102983 (getgeometry-polygon): matched 0 region(s) []
2026-09-20 18:49:56,555 INFO gdacs_az: TC/1001118 (getgeometry-polygon): matched 0 region(s) []
2026-09-20 18:49:57,428 INFO gdacs_az: TC/1001115 (getgeometry-polygon): matched 0 region(s) []
2026-09-20 18:50:01,966 INFO gdacs_az: FL/1102974 (getgeometry-polygon): matched 0 region(s) []
2026-09-20 18:50:02,342 INFO gdacs_az: TC/1001117 (getgeometry-polygon): matched 0 region(s) []
2026-09-20 18:50:03,180 INFO gdacs_az: TC/1001114 (getgeometry-polygon): matched 0 region(s) []
2026-09-20 18:50:03,782 INFO gdacs_az: TC/1001113 (getgeometry-polygon): matched 0 region(s) []
2026-09-20 18:50:04,522 INFO gdacs_az: FL/1102960 (getgeometry-polygon): matched 0 region(s) []
2026-09-20 18:50:05,667 INFO gdacs_az: EQ/1449585 (getgeometry-polygon): matched 0 region(s) []
2026-09-20 18:50:07,021 INFO gdacs_az: TC/1001111 (getgeometry-polygon): matched 0 region(s) []
2026-09-20 18:50:07,457 INFO gdacs_az: FL/1102933 (getgeometry-polygon): matched 0 region(s) []
2026-09-20 18:50:08,277 INFO gdacs_az: TC/1001105 (getgeometry-polygon): matched 0 region(s) []
2026-09-20 18:50:08,684 INFO gdacs_az: WF/1022468 (getgeometry-polygon): matched 0 region(s) []
2026-09-20 18:50:10,266 INFO gdacs_az: FL/1102923 (getgeometry-polygon): matched 0 region(s) []
2026-09-20 18:50:11,063 INFO gdacs_az: TC/1001100 (getgeometry-polygon): matched 0 region(s) []
2026-09-20 18:50:12,036 INFO gdacs_az: TC/1001101 (getgeometry-polygon): matched 0 region(s) []
2026-09-20 18:50:12,568 INFO gdacs_az: WF/1022227 (getgeometry-polygon): matched 0 region(s) []
2026-09-20 18:50:13,082 INFO gdacs_az: WF/1022252 (getgeometry-polygon): matched 0 region(s) []
2026-09-20 18:50:16,913 INFO gdacs_az: FL/1102899 (getgeometry-polygon): matched 1 region(s) ['austriaeast']
2026-09-20 18:50:27,859 INFO gdacs_az: FL/1102678 (getgeometry-polygon): matched 0 region(s) []
2026-09-20 18:50:28,682 INFO gdacs_az: TC/1001093 (getgeometry-polygon): matched 0 region(s) []
2026-09-20 18:50:29,801 INFO gdacs_az: TC/1001090 (getgeometry-polygon): matched 0 region(s) []
2026-09-20 18:50:30,528 INFO gdacs_az: TC/1001089 (getgeometry-polygon): matched 0 region(s) []
2026-09-20 18:50:30,949 INFO gdacs_az: WF/1021647 (getgeometry-polygon): matched 0 region(s) []
2026-09-20 18:50:31,405 INFO gdacs_az: WF/1021445 (getgeometry-polygon): matched 0 region(s) []
2026-09-20 18:50:31,775 INFO gdacs_az: TC/1001082 (getgeometry-polygon): matched 0 region(s) []
2026-09-20 18:50:34,458 INFO gdacs_az: EQ/1442254 (getgeometry-polygon): matched 0 region(s) []
2026-09-20 18:50:34,673 INFO gdacs_az: WF/1021078 (getgeometry-polygon): matched 0 region(s) []
2026-09-20 18:50:35,090 INFO gdacs_az: WF/1021196 (getgeometry-polygon): matched 0 region(s) []
2026-09-20 18:50:35,802 INFO gdacs_az: WF/1020946 (getgeometry-polygon): matched 0 region(s) []
2026-09-20 18:50:35,948 INFO gdacs_az: WF/1020780 (getgeometry-polygon): matched 0 region(s) []
2026-09-20 18:50:36,478 INFO gdacs_az: FL/1102815 (getgeometry-polygon): matched 0 region(s) []
2026-09-20 18:50:38,017 INFO gdacs_az: EQ/1440170 (getgeometry-polygon): matched 0 region(s) []
2026-09-20 18:50:38,739 INFO gdacs_az: TC/1001072 (getgeometry-polygon): matched 0 region(s) []
2026-09-20 18:50:43,142 INFO gdacs_az: EQ/1437973 (getgeometry-polygon): matched 0 region(s) []
2026-09-20 18:50:44,618 INFO gdacs_az: TC/1001067 (getgeometry-polygon): matched 0 region(s) []
2026-09-20 18:50:48,342 INFO gdacs_az: EQ/1435013 (getgeometry-polygon): matched 0 region(s) []
2026-09-20 18:50:48,733 INFO gdacs_az: TC/1001066 (getgeometry-polygon): matched 0 region(s) []
2026-09-20 18:50:52,803 INFO gdacs_az: FL/1102458 (getgeometry-polygon): matched 0 region(s) []
2026-09-20 18:50:52,985 INFO gdacs_az: WF/1019828 (getgeometry-polygon): matched 0 region(s) []
2026-09-20 18:50:53,397 INFO gdacs_az: WF/1019735 (getgeometry-polygon): matched 0 region(s) []
2026-09-20 18:50:53,719 INFO gdacs_az: TC/1001064 (getgeometry-polygon): matched 0 region(s) []
2026-09-20 18:50:54,580 INFO gdacs_az: FL/1102616 (getgeometry-polygon): matched 0 region(s) []
2026-09-20 18:50:56,187 INFO gdacs_az: FL/1102592 (getgeometry-polygon): matched 0 region(s) []
2026-09-20 18:50:56,561 INFO gdacs_az: FL/1102604 (getgeometry-polygon): matched 0 region(s) []
2026-09-20 18:50:57,390 INFO gdacs_az: TC/1001060 (getgeometry-polygon): matched 0 region(s) []
2026-09-20 18:50:58,155 INFO gdacs_az: FL/1102544 (getgeometry-polygon): matched 0 region(s) []
2026-09-20 18:50:59,093 INFO gdacs_az: FL/1102637 (getgeometry-polygon): matched 0 region(s) []
2026-09-20 18:50:59,899 INFO gdacs_az: FL/1102555 (getgeometry-polygon): matched 0 region(s) []
2026-09-20 18:51:00,179 INFO gdacs_az: WF/1019635 (getgeometry-polygon): matched 0 region(s) []
2026-09-20 18:51:01,190 INFO gdacs_az: FL/1102548 (getgeometry-polygon): matched 0 region(s) []
2026-09-20 18:51:02,667 INFO gdacs_az: EQ/1422322 (getgeometry-polygon): matched 0 region(s) []
2026-09-20 18:51:03,438 INFO gdacs_az: TC/1001057 (getgeometry-polygon): matched 0 region(s) []
2026-09-20 18:51:06,322 INFO gdacs_az: EQ/1420849 (getgeometry-polygon): matched 0 region(s) []
2026-09-20 18:51:06,975 INFO gdacs_az: EQ/1420595 (getgeometry-polygon): matched 0 region(s) []
2026-09-20 18:51:07,587 INFO gdacs_az: TC/1001053 (getgeometry-polygon): matched 0 region(s) []
2026-09-20 18:51:07,747 INFO gdacs_az: WF/1019285 (getgeometry-polygon): matched 0 region(s) []
2026-09-20 18:51:09,437 INFO gdacs_az: EQ/1414718 (getgeometry-polygon): matched 0 region(s) []
2026-09-20 18:51:10,869 INFO gdacs_az: EQ/1414701 (getgeometry-polygon): matched 0 region(s) []
2026-09-20 18:51:11,017 INFO gdacs_az: WF/1019173 (getgeometry-polygon): matched 1 region(s) ['chilecentral']
2026-09-20 18:51:12,075 INFO gdacs_az: EQ/1411622 (getgeometry-polygon): matched 0 region(s) []
2026-09-20 18:51:12,937 INFO gdacs_az: TC/1001041 (getgeometry-polygon): matched 0 region(s) []
2026-09-20 18:51:13,482 INFO gdacs_az: FL/1102408 (getgeometry-polygon): matched 0 region(s) []
2026-09-20 18:51:14,490 INFO gdacs_az: FL/1102407 (getgeometry-polygon): matched 0 region(s) []
2026-09-20 18:51:15,587 INFO gdacs_az: EQ/1408627 (getgeometry-polygon): matched 0 region(s) []
2026-09-20 18:51:19,719 INFO gdacs_az: EQ/1406601 (getgeometry-polygon): matched 0 region(s) []
2026-09-20 18:51:20,433 INFO gdacs_az: FL/1102288 (getgeometry-polygon): matched 0 region(s) []
2026-09-20 18:51:21,420 INFO gdacs_az: FL/1102308 (getgeometry-polygon): matched 0 region(s) []
2026-09-20 18:51:21,585 INFO gdacs_az: FL/1102258 (getgeometry-polygon): matched 0 region(s) []
2026-09-20 18:51:22,262 INFO gdacs_az: TC/1001037 (getgeometry-polygon): matched 0 region(s) []
2026-09-20 18:51:23,450 INFO gdacs_az: EQ/1403417 (getgeometry-polygon): matched 0 region(s) []
2026-09-20 18:51:23,819 INFO gdacs_az: DR/1016612 (getgeometry-polygon): matched 0 region(s) []
2026-09-20 18:51:23,915 INFO gdacs_az: WF/1018546 (getgeometry-polygon): matched 0 region(s) []
2026-09-20 18:51:24,409 INFO gdacs_az: TC/1001034 (getgeometry-polygon): matched 0 region(s) []
2026-09-20 18:51:25,338 INFO gdacs_az: EQ/1401224 (getgeometry-polygon): matched 0 region(s) []
2026-09-20 18:51:27,285 INFO gdacs_az: EQ/1401173 (getgeometry-polygon): matched 0 region(s) []
2026-09-20 18:51:28,396 INFO gdacs_az: EQ/1398938 (getgeometry-polygon): matched 0 region(s) []
2026-09-20 18:51:28,591 INFO gdacs_az: FL/1102291 (getgeometry-polygon): matched 0 region(s) []
2026-09-20 18:51:28,988 INFO gdacs_az: TC/1001027 (getgeometry-polygon): matched 0 region(s) []
2026-09-20 18:51:29,408 INFO gdacs_az: TC/1001028 (getgeometry-polygon): matched 0 region(s) []
2026-09-20 18:51:29,839 INFO gdacs_az: TC/1001029 (getgeometry-polygon): matched 0 region(s) []
2026-09-20 18:51:30,814 INFO gdacs_az: TC/1001024 (getgeometry-polygon): matched 0 region(s) []
2026-09-20 18:51:32,208 INFO gdacs_az: EQ/1396768 (getgeometry-polygon): matched 0 region(s) []
2026-09-20 18:51:33,863 INFO gdacs_az: EQ/1396086 (getgeometry-polygon): matched 0 region(s) []
2026-09-20 18:51:35,481 INFO gdacs_az: EQ/1396085 (getgeometry-polygon): matched 0 region(s) []
2026-09-20 18:51:36,081 INFO gdacs_az: TC/1001019 (getgeometry-polygon): matched 0 region(s) []
2026-09-20 18:51:37,573 INFO gdacs_az: EQ/1395488 (getgeometry-polygon): matched 0 region(s) []
2026-09-20 18:51:38,212 INFO gdacs_az: TC/1001018 (getgeometry-polygon): matched 0 region(s) []
2026-09-20 18:51:40,804 INFO gdacs_az: EQ/1394968 (getgeometry-polygon): matched 0 region(s) []
2026-09-20 18:51:42,057 INFO gdacs_az: EQ/1394967 (getgeometry-polygon): matched 0 region(s) []
2026-09-20 18:51:43,890 INFO gdacs_az: EQ/1394961 (getgeometry-polygon): matched 0 region(s) []
2026-09-20 18:51:45,607 INFO gdacs_az: EQ/1394958 (getgeometry-polygon): matched 0 region(s) []
2026-09-20 18:51:47,833 INFO gdacs_az: EQ/1394954 (getgeometry-polygon): matched 0 region(s) []
2026-09-20 18:51:50,415 INFO gdacs_az: EQ/1394952 (getgeometry-polygon): matched 0 region(s) []
2026-09-20 18:51:51,718 INFO gdacs_az: EQ/1394274 (getgeometry-polygon): matched 0 region(s) []
2026-09-20 18:51:51,822 INFO gdacs_az: FL/1102204 (getgeometry-polygon): matched 0 region(s) []
2026-09-20 18:51:52,961 INFO gdacs_az: EQ/1390643 (getgeometry-polygon): matched 0 region(s) []
2026-09-20 18:51:53,546 INFO gdacs_az: TC/1001002 (getgeometry-polygon): matched 0 region(s) []
2026-09-20 18:51:54,489 INFO gdacs_az: TC/1000999 (getgeometry-polygon): matched 0 region(s) []
2026-09-20 18:51:55,391 INFO gdacs_az: TC/1001000 (getgeometry-polygon): matched 0 region(s) []
2026-09-20 18:51:55,518 INFO gdacs_az: WF/1016606 (getgeometry-polygon): matched 0 region(s) []
2026-09-20 18:51:56,242 INFO gdacs_az: TC/1000996 (getgeometry-polygon): matched 0 region(s) []
2026-09-20 18:51:56,740 INFO gdacs_az: TC/1000993 (getgeometry-polygon): matched 0 region(s) []
2026-09-20 18:51:57,369 INFO gdacs_az: FL/1102192 (getgeometry-polygon): matched 0 region(s) []
2026-09-20 18:51:58,959 INFO gdacs_az: EQ/1387441 (getgeometry-polygon): matched 0 region(s) []
2026-09-20 18:52:00,628 INFO gdacs_az: TC/1000986 (getgeometry-polygon): matched 0 region(s) []
2026-09-20 18:52:00,723 INFO gdacs_az: WF/1016286 (getgeometry-polygon): matched 0 region(s) []
2026-09-20 18:52:00,898 INFO gdacs_az: EQ/1385761 (getgeometry-polygon): matched 0 region(s) []
2026-09-20 18:52:01,001 INFO gdacs_az: VO/1000072 (getgeometry-polygon): matched 0 region(s) []
2026-09-20 18:52:01,266 INFO gdacs_az: TC/1000987 (getgeometry-polygon): matched 0 region(s) []
2026-09-20 18:52:02,116 INFO gdacs_az: TC/1000985 (getgeometry-polygon): matched 0 region(s) []
2026-09-20 18:52:02,313 INFO gdacs_az: WF/1015913 (getgeometry-polygon): matched 0 region(s) []
2026-09-20 18:52:02,541 INFO gdacs_az: WF/1015963 (getgeometry-polygon): matched 0 region(s) []
2026-09-20 18:52:02,951 INFO gdacs_az: WF/1015980 (getgeometry-polygon): matched 0 region(s) []
2026-09-20 18:52:03,062 INFO gdacs_az: WF/1015944 (getgeometry-polygon): matched 0 region(s) []
2026-09-20 18:52:04,591 INFO gdacs_az: FL/1102095 (getgeometry-polygon): matched 0 region(s) []
2026-09-20 18:52:05,746 INFO gdacs_az: FL/1102135 (getgeometry-polygon): matched 0 region(s) []
2026-09-20 18:52:06,680 INFO gdacs_az: EQ/1379142 (getgeometry-polygon): matched 0 region(s) []
2026-09-20 18:52:07,042 INFO gdacs_az: WF/1014619 (getgeometry-polygon): matched 0 region(s) []
2026-09-20 18:52:09,115 INFO gdacs_az: FL/1102077 (getgeometry-polygon): matched 0 region(s) []
2026-09-20 18:52:10,200 INFO gdacs_az: TC/1000975 (getgeometry-polygon): matched 0 region(s) []
2026-09-20 18:52:11,014 INFO gdacs_az: EQ/1376865 (getgeometry-polygon): matched 0 region(s) []
2026-09-20 18:52:11,935 INFO gdacs_az: TC/1000972 (getgeometry-polygon): matched 0 region(s) []
2026-09-20 18:52:12,379 INFO gdacs_az: FL/1102000 (getgeometry-polygon): matched 0 region(s) []
2026-09-20 18:52:12,761 INFO gdacs_az: TC/1000970 (getgeometry-polygon): matched 0 region(s) []
2026-09-20 18:52:13,240 INFO gdacs_az: FL/1101981 (getgeometry-polygon): matched 0 region(s) []
2026-09-20 18:52:13,930 INFO gdacs_az: FL/1101977 (getgeometry-polygon): matched 0 region(s) []
2026-09-20 18:52:14,864 INFO gdacs_az: EQ/1370936 (getgeometry-polygon): matched 0 region(s) []
2026-09-20 18:52:15,077 INFO gdacs_az: FL/1101919 (getgeometry-polygon): matched 0 region(s) []
2026-09-20 18:52:15,341 INFO gdacs_az: FL/1101908 (getgeometry-polygon): matched 0 region(s) []
2026-09-20 18:52:15,694 INFO gdacs_az: EQ/1367745 (getgeometry-polygon): matched 0 region(s) []
2026-09-20 18:52:17,952 INFO gdacs_az: EQ/1365556 (getgeometry-polygon): matched 0 region(s) []
2026-09-20 18:52:19,017 INFO gdacs_az: FL/1101890 (getgeometry-polygon): matched 0 region(s) []
2026-09-20 18:52:19,868 INFO gdacs_az: TC/1000961 (getgeometry-polygon): matched 0 region(s) []
2026-09-20 18:52:20,508 INFO gdacs_az: TC/1000966 (getgeometry-polygon): matched 0 region(s) []
2026-09-20 18:52:20,951 INFO gdacs_az: TC/1000965 (getgeometry-polygon): matched 0 region(s) []
2026-09-20 18:52:22,322 INFO gdacs_az: EQ/1360964 (getgeometry-polygon): matched 0 region(s) []
2026-09-20 18:52:23,886 INFO gdacs_az: EQ/1359959 (getgeometry-polygon): matched 0 region(s) []
2026-09-20 18:52:24,015 INFO gdacs_az: WF/1012119 (getgeometry-polygon): matched 0 region(s) []
2026-09-20 18:52:24,357 INFO gdacs_az: WF/1011800 (getgeometry-polygon): matched 0 region(s) []
2026-09-20 18:52:28,062 INFO gdacs_az: EQ/1357591 (getgeometry-polygon): matched 0 region(s) []
2026-09-20 18:52:28,824 INFO gdacs_az: EQ/1357560 (getgeometry-polygon): matched 0 region(s) []
2026-09-20 18:52:32,800 INFO gdacs_az: EQ/1357374 (getgeometry-polygon): matched 0 region(s) []
2026-09-20 18:52:33,336 INFO gdacs_az: EQ/1357372 (getgeometry-polygon): matched 0 region(s) []
2026-09-20 18:52:34,423 INFO gdacs_az: EQ/1356811 (getgeometry-polygon): matched 0 region(s) []
2026-09-20 18:52:36,166 INFO gdacs_az: EQ/1356352 (getgeometry-polygon): matched 0 region(s) []
2026-09-20 18:52:36,385 INFO gdacs_az: FL/1101778 (getgeometry-polygon): matched 0 region(s) []
2026-09-20 18:52:37,975 INFO gdacs_az: EQ/1354791 (getgeometry-polygon): matched 0 region(s) []
2026-09-20 18:52:38,614 INFO gdacs_az: EQ/1353717 (getgeometry-polygon): matched 0 region(s) []
2026-09-20 18:52:39,859 INFO gdacs_az: EQ/1353543 (getgeometry-polygon): matched 0 region(s) []
2026-09-20 18:52:39,999 INFO gdacs_az: FL/1101787 (getgeometry-polygon): matched 0 region(s) []
2026-09-20 18:52:40,600 INFO gdacs_az: TC/1000950 (getgeometry-polygon): matched 0 region(s) []
2026-09-20 18:52:41,141 INFO gdacs_az: VO/1000057 (getgeometry-polygon): matched 0 region(s) []
2026-09-20 18:52:43,308 INFO gdacs_az: EQ/1347428 (getgeometry-polygon): matched 0 region(s) []
2026-09-20 18:52:44,612 INFO gdacs_az: EQ/1347295 (getgeometry-polygon): matched 0 region(s) []
2026-09-20 18:52:45,096 INFO gdacs_az: EQ/1347183 (getgeometry-polygon): matched 1 region(s) ['indonesiacentral']
2026-09-20 18:52:45,269 INFO gdacs_az: EQ/1345475 (getgeometry-polygon): matched 0 region(s) []
2026-09-20 18:52:45,372 INFO gdacs_az: FL/1101733 (getgeometry-polygon): matched 0 region(s) []
2026-09-20 18:52:45,938 INFO gdacs_az: TC/1000944 (getgeometry-polygon): matched 0 region(s) []
2026-09-20 18:52:46,390 INFO gdacs_az: FL/1101710 (getgeometry-polygon): matched 0 region(s) []
2026-09-20 18:52:48,669 INFO gdacs_az: FL/1101720 (getgeometry-polygon): matched 0 region(s) []
2026-09-20 18:52:49,150 INFO gdacs_az: FL/1101659 (getgeometry-polygon): matched 0 region(s) []
2026-09-20 18:52:49,327 INFO gdacs_az: EQ/1343617 (getgeometry-polygon): matched 0 region(s) []
2026-09-20 18:52:49,496 INFO gdacs_az: TC/1000941 (getgeometry-polygon): matched 0 region(s) []
2026-09-20 18:52:49,855 INFO gdacs_az: TC/1000940 (getgeometry-polygon): matched 0 region(s) []
2026-09-20 18:52:50,532 INFO gdacs_az: TC/1000937 (getgeometry-polygon): matched 0 region(s) []
2026-09-20 18:52:50,821 INFO gdacs_az: TC/1000933 (getgeometry-polygon): matched 0 region(s) []
2026-09-20 18:52:51,091 INFO gdacs_az: EQ/1340649 (getgeometry-polygon): matched 0 region(s) []
2026-09-20 18:52:51,592 INFO gdacs_az: TC/1000929 (getgeometry-polygon): matched 0 region(s) []
2026-09-20 18:52:52,315 INFO gdacs_az: TC/1000923 (getgeometry-polygon): matched 0 region(s) []
2026-09-20 18:52:52,908 INFO gdacs_az: TC/1000922 (getgeometry-polygon): matched 0 region(s) []
2026-09-20 18:52:53,701 INFO gdacs_az: TC/1000916 (getgeometry-polygon): matched 0 region(s) []
2026-09-20 18:52:54,355 INFO gdacs_az: TC/1000915 (getgeometry-polygon): matched 0 region(s) []
2026-09-20 18:52:54,567 INFO gdacs_az: EQ/1338219 (getgeometry-polygon): matched 0 region(s) []
2026-09-20 18:52:55,342 INFO gdacs_az: TC/1000913 (getgeometry-polygon): matched 0 region(s) []
2026-09-20 18:52:56,348 INFO gdacs_az: FL/1101664 (getgeometry-polygon): matched 0 region(s) []
2026-09-20 18:52:56,525 INFO gdacs_az: EQ/1337179 (getgeometry-polygon): matched 0 region(s) []
2026-09-20 18:52:57,115 INFO gdacs_az: TC/1000907 (getgeometry-polygon): matched 0 region(s) []
2026-09-20 18:52:57,217 INFO gdacs_az: EQ/1336287 (getgeometry-polygon): matched 0 region(s) []
2026-09-20 18:52:57,473 INFO gdacs_az: FL/1101620 (getgeometry-polygon): matched 0 region(s) []
2026-09-20 18:52:58,317 INFO gdacs_az: FL/1101522 (getgeometry-polygon): matched 0 region(s) []
2026-09-20 18:53:00,074 INFO gdacs_az: FL/1101588 (getgeometry-polygon): matched 0 region(s) []
2026-09-20 18:53:00,560 INFO gdacs_az: TC/1000905 (getgeometry-polygon): matched 0 region(s) []
2026-09-20 18:53:00,720 INFO gdacs_az: TC/1000904 (getgeometry-polygon): matched 0 region(s) []
2026-09-20 18:53:01,858 INFO gdacs_az: FL/1101571 (getgeometry-polygon): matched 1 region(s) ['japaneast']
2026-09-20 18:53:01,959 INFO gdacs_az: WF/1008161 (getgeometry-polygon): matched 0 region(s) []
2026-09-20 18:53:02,060 INFO gdacs_az: WF/1007792 (getgeometry-polygon): matched 0 region(s) []
2026-09-20 18:53:02,357 INFO gdacs_az: EQ/1332182 (getgeometry-polygon): matched 0 region(s) []
2026-09-20 18:53:02,598 INFO gdacs_az: TC/1000891 (getgeometry-polygon): matched 0 region(s) []
2026-09-20 18:53:02,793 INFO gdacs_az: EQ/1328816 (getgeometry-polygon): matched 1 region(s) ['uaenorth']
2026-09-20 18:53:02,968 INFO gdacs_az: EQ/1328800 (getgeometry-polygon): matched 1 region(s) ['uaenorth']
2026-09-20 18:53:03,081 INFO gdacs_az: EQ/1328006 (getgeometry-polygon): matched 1 region(s) ['uaenorth']
2026-09-20 18:53:03,246 INFO gdacs_az: EQ/1327560 (getgeometry-polygon): matched 0 region(s) []
2026-09-20 18:53:04,742 INFO gdacs_az: FL/1101446 (getgeometry-polygon): matched 0 region(s) []
2026-09-20 18:53:05,040 INFO gdacs_az: TC/1000886 (getgeometry-polygon): matched 0 region(s) []
2026-09-20 18:53:05,533 INFO gdacs_az: FL/1101433 (getgeometry-polygon): matched 0 region(s) []
2026-09-20 18:53:06,053 INFO gdacs_az: TC/1000883 (getgeometry-polygon): matched 0 region(s) []
2026-09-20 18:53:06,346 INFO gdacs_az: FL/1101349 (getgeometry-polygon): matched 0 region(s) []
2026-09-20 18:53:06,438 INFO gdacs_az: FL/1101354 (getgeometry-polygon): matched 0 region(s) []
2026-09-20 18:53:06,768 INFO gdacs_az: TC/1000873 (getgeometry-polygon): matched 0 region(s) []
2026-09-20 18:53:07,480 INFO gdacs_az: TC/1000866 (getgeometry-polygon): matched 0 region(s) []
2026-09-20 18:53:07,677 INFO gdacs_az: WF/1004136 (getgeometry-polygon): matched 0 region(s) []
2026-09-20 18:53:09,030 INFO gdacs_az: FL/1101281 (getgeometry-polygon): matched 0 region(s) []
2026-09-20 18:53:09,609 INFO gdacs_az: TC/1000859 (getgeometry-polygon): matched 0 region(s) []
2026-09-20 18:53:10,025 INFO gdacs_az: EQ/1307299 (getgeometry-polygon): matched 0 region(s) []
2026-09-20 18:53:10,339 INFO gdacs_az: TC/1000858 (getgeometry-polygon): matched 0 region(s) []
2026-09-20 18:53:10,443 INFO gdacs_az: VO/1000036 (getgeometry-polygon): matched 0 region(s) []
2026-09-20 18:53:12,164 INFO gdacs_az: FL/1101205 (getgeometry-polygon): matched 2 region(s) ['brazilsouth', 'brazilsoutheast']
2026-09-20 18:53:12,688 INFO gdacs_az: EQ/1304967 (getgeometry-polygon): matched 0 region(s) []
2026-09-20 18:53:12,952 INFO gdacs_az: EQ/1303929 (getgeometry-polygon): matched 0 region(s) []
2026-09-20 18:53:13,477 INFO gdacs_az: TC/1000853 (getgeometry-polygon): matched 0 region(s) []
2026-09-20 18:53:14,288 INFO gdacs_az: FL/1101219 (getgeometry-polygon): matched 2 region(s) ['malaysiawest', 'southeastasia']
2026-09-20 18:53:14,499 INFO gdacs_az: VO/1000031 (getgeometry-polygon): matched 0 region(s) []
2026-09-20 18:53:14,753 INFO gdacs_az: EQ/1298872 (getgeometry-polygon): matched 0 region(s) []
2026-09-20 18:53:15,397 INFO gdacs_az: FL/1101164 (getgeometry-polygon): matched 2 region(s) ['indiasouthcentral', 'southindia']
2026-09-20 18:53:15,615 INFO gdacs_az: EQ/1295690 (getgeometry-polygon): matched 0 region(s) []
2026-09-20 18:53:15,999 INFO gdacs_az: TC/1000841 (getgeometry-polygon): matched 0 region(s) []
2026-09-20 18:53:17,302 INFO gdacs_az: FL/1101125 (getgeometry-polygon): matched 0 region(s) []
2026-09-20 18:53:18,131 INFO gdacs_az: FL/1101132 (getgeometry-polygon): matched 0 region(s) []
2026-09-20 18:53:18,695 INFO gdacs_az: TC/1000839 (getgeometry-polygon): matched 0 region(s) []
2026-09-20 18:53:19,370 INFO gdacs_az: TC/1000840 (getgeometry-polygon): matched 0 region(s) []
2026-09-20 18:53:20,026 INFO gdacs_az: TC/1000837 (getgeometry-polygon): matched 0 region(s) []
2026-09-20 18:53:21,190 INFO gdacs_az: FL/1101109 (getgeometry-polygon): matched 0 region(s) []
2026-09-20 18:53:21,758 INFO gdacs_az: TC/1000834 (getgeometry-polygon): matched 0 region(s) []
2026-09-20 18:53:24,293 INFO gdacs_az: FL/1100977 (getgeometry-polygon): matched 0 region(s) []
2026-09-20 18:53:24,670 INFO gdacs_az: TC/1000824 (getgeometry-polygon): matched 0 region(s) []
2026-09-20 18:53:24,797 INFO gdacs_az: EQ/1285804 (getgeometry-polygon): matched 0 region(s) []
2026-09-20 18:53:25,147 INFO gdacs_az: FL/1101085 (getgeometry-polygon): matched 0 region(s) []
2026-09-20 18:53:25,372 INFO gdacs_az: TC/1000825 (getgeometry-polygon): matched 0 region(s) []
2026-09-20 18:53:25,470 INFO gdacs_az: EQ/1284957 (getgeometry-polygon): matched 0 region(s) []
2026-09-20 18:53:25,869 INFO gdacs_az: TC/1000818 (getgeometry-polygon): matched 0 region(s) []
2026-09-20 18:53:26,086 INFO gdacs_az: TC/1000817 (getgeometry-polygon): matched 0 region(s) []
2026-09-20 18:53:27,234 INFO gdacs_az: FL/1101029 (getgeometry-polygon): matched 0 region(s) []
2026-09-20 18:53:27,721 INFO gdacs_az: TC/1000814 (getgeometry-polygon): matched 0 region(s) []
2026-09-20 18:53:27,845 INFO gdacs_az: WF/1001892 (getgeometry-polygon): matched 0 region(s) []
2026-09-20 18:53:27,997 INFO gdacs_az: EQ/1281677 (getgeometry-polygon): matched 0 region(s) []
2026-09-20 18:53:28,171 INFO gdacs_az: FL/1101031 (getgeometry-polygon): matched 0 region(s) []
2026-09-20 18:53:28,321 INFO gdacs_az: WF/1001771 (getgeometry-polygon): matched 0 region(s) []
2026-09-20 18:53:28,436 INFO gdacs_az: FL/1101010 (getgeometry-polygon): matched 0 region(s) []
2026-09-20 18:53:28,548 INFO gdacs_az: EQ/1279340 (getgeometry-polygon): matched 0 region(s) []
2026-09-20 18:53:31,366 INFO gdacs_az: FL/1100932 (getgeometry-polygon): matched 0 region(s) []
2026-09-20 18:53:31,522 INFO gdacs_az: EQ/1279075 (getgeometry-polygon): matched 0 region(s) []
2026-09-20 18:53:31,709 INFO gdacs_az: EQ/1279046 (getgeometry-polygon): matched 0 region(s) []
2026-09-20 18:53:32,710 INFO gdacs_az: TC/1000799 (getgeometry-polygon): matched 0 region(s) []
2026-09-20 18:53:33,197 INFO gdacs_az: TC/1000801 (getgeometry-polygon): matched 0 region(s) []
2026-09-20 18:53:33,319 INFO gdacs_az: DR/1014881 (getgeometry-polygon): matched 0 region(s) []
2026-09-20 18:53:33,650 INFO gdacs_az: FL/1100957 (getgeometry-polygon): matched 1 region(s) ['belgiumcentral']
2026-09-20 18:53:34,895 INFO gdacs_az: FL/1100958 (getgeometry-polygon): matched 2 region(s) ['germanywestcentral', 'westeurope']
2026-09-20 18:53:35,904 INFO gdacs_az: TC/1000795 (getgeometry-polygon): matched 0 region(s) []
2026-09-20 18:53:36,126 INFO gdacs_az: VO/1000012 (getgeometry-polygon): matched 0 region(s) []
2026-09-20 18:53:36,291 INFO gdacs_az: EQ/1273121 (getgeometry-polygon): matched 0 region(s) []
2026-09-20 18:53:36,522 INFO gdacs_az: TC/1000787 (getgeometry-polygon): matched 0 region(s) []
2026-09-20 18:53:36,629 INFO gdacs_az: VO/1000023 (getgeometry-polygon): matched 0 region(s) []
2026-09-20 18:53:38,507 INFO gdacs_az: FL/1100902 (getgeometry-polygon): matched 1 region(s) ['southindia']
2026-09-20 18:53:38,759 INFO gdacs_az: TC/1000784 (getgeometry-polygon): matched 0 region(s) []
2026-09-20 18:53:38,862 INFO gdacs_az: EQ/1269701 (getgeometry-polygon): matched 0 region(s) []
2026-09-20 18:53:38,969 INFO gdacs_az: EQ/1269679 (getgeometry-polygon): matched 0 region(s) []
2026-09-20 18:53:39,164 INFO gdacs_az: DR/1014149 (getgeometry-polygon): matched 1 region(s) ['mexicocentral']
2026-09-20 18:53:39,574 INFO gdacs_az: TC/1000782 (getgeometry-polygon): matched 1 region(s) ['westindia']
2026-09-20 18:53:40,365 INFO gdacs_az: FL/1100883 (getgeometry-polygon): matched 4 region(s) ['centralindia', 'indiasouthcentral', 'southindia', 'westindia']
2026-09-20 18:53:40,482 INFO gdacs_az: EQ/1266651 (getgeometry-polygon): matched 0 region(s) []
2026-09-20 18:53:40,583 INFO gdacs_az: VO/1000020 (getgeometry-polygon): matched 0 region(s) []
2026-09-20 18:53:40,733 INFO gdacs_az: EQ/1265240 (getgeometry-polygon): matched 0 region(s) []
2026-09-20 18:53:40,941 INFO gdacs_az: FL/1100810 (getgeometry-polygon): matched 0 region(s) []
2026-09-20 18:53:41,097 INFO gdacs_az: EQ/1261215 (getgeometry-polygon): matched 0 region(s) []
2026-09-20 18:53:41,436 INFO gdacs_az: TC/1000772 (getgeometry-polygon): matched 0 region(s) []
2026-09-20 18:53:41,646 INFO gdacs_az: EQ/1258647 (getgeometry-polygon): matched 0 region(s) []
2026-09-20 18:53:41,767 INFO gdacs_az: EQ/1254794 (getgeometry-polygon): matched 0 region(s) []
2026-09-20 18:53:42,168 INFO gdacs_az: FL/1100755 (getgeometry-polygon): matched 0 region(s) []
2026-09-20 18:53:42,363 INFO gdacs_az: TC/1000763 (getgeometry-polygon): matched 0 region(s) []
2026-09-20 18:53:43,708 INFO gdacs_az: FL/1100745 (getgeometry-polygon): matched 0 region(s) []
2026-09-20 18:53:43,820 INFO gdacs_az: DR/1014139 (getgeometry-polygon): matched 2 region(s) ['mexicocentral', 'westus']
2026-09-20 18:53:44,125 INFO gdacs_az: TC/1000760 (getgeometry-polygon): matched 0 region(s) []
2026-09-20 18:53:44,273 INFO gdacs_az: EQ/1252169 (getgeometry-polygon): matched 0 region(s) []
2026-09-20 18:53:44,395 INFO gdacs_az: EQ/1251573 (getgeometry-polygon): matched 0 region(s) []
2026-09-20 18:53:44,402 INFO gdacs_az: Wrote gdacs_events_by_region.json (57 regions, 29 with events, 45 event slots)
